Jul 27 19:56:49 Kuntputer kernel: [    0.000000] Linux version 5.15.153.1-microsoft-standard-WSL2 (root@941d701f84f1) (gcc (GCC) 11.2.0, GNU ld (GNU Binutils) 2.37) #1 SMP Fri Mar 29 23:14:13 UTC 2024
Jul 27 19:56:49 Kuntputer kernel: [    0.000000] Command line: initrd=\initrd.img WSL_ROOT_INIT=1 panic=-1 nr_cpus=28 hv_utils.timesync_implicit=1 console=hvc0 debug pty.legacy_count=0
Jul 27 19:56:49 Kuntputer kernel: [    0.000000] KERNEL supported cpus:
Jul 27 19:56:49 Kuntputer kernel: [    0.000000]   Intel GenuineIntel
Jul 27 19:56:49 Kuntputer kernel: [    0.000000]   AMD AuthenticAMD
Jul 27 19:56:49 Kuntputer kernel: [    0.000000]   Centaur CentaurHauls
Jul 27 19:56:49 Kuntputer kernel: [    0.000000] BIOS-provided physical RAM map:
Jul 27 19:56:49 Kuntputer kernel: [    0.000000] BIOS-e820: [mem 0x0000000000000000-0x000000000009ffff] usable
Jul 27 19:56:49 Kuntputer kernel: [    0.000000] BIOS-e820: [mem 0x00000000000e0000-0x00000000000e0fff] reserved
Jul 27 19:56:49 Kuntputer kernel: [    0.000000] BIOS-e820: [mem 0x0000000000100000-0x00000000001fffff] ACPI data
Jul 27 19:56:49 Kuntputer kernel: [    0.000000] BIOS-e820: [mem 0x0000000000200000-0x00000000f7ffffff] usable
Jul 27 19:56:49 Kuntputer kernel: [    0.000000] BIOS-e820: [mem 0x0000000100000000-0x00000004021fffff] usable
Jul 27 19:56:49 Kuntputer kernel: [    0.000000] NX (Execute Disable) protection: active
Jul 27 19:56:49 Kuntputer kernel: [    0.000000] DMI not present or invalid.
Jul 27 19:56:49 Kuntputer kernel: [    0.000000] Hypervisor detected: Microsoft Hyper-V
Jul 27 19:56:49 Kuntputer kernel: [    0.000000] Hyper-V: privilege flags low 0xae7f, high 0x3b8030, hints 0xa4e24, misc 0xe0bed7b2
Jul 27 19:56:49 Kuntputer kernel: [    0.000000] Hyper-V Host Build:22621-10.0-3-0.3880
Jul 27 19:56:49 Kuntputer kernel: [    0.000000] Hyper-V: Nested features: 0x3e0101
Jul 27 19:56:49 Kuntputer kernel: [    0.000000] Hyper-V: LAPIC Timer Frequency: 0x1e8480
Jul 27 19:56:49 Kuntputer kernel: [    0.000000] Hyper-V: Using hypercall for remote TLB flush
Jul 27 19:56:49 Kuntputer kernel: [    0.000000] clocksource: hyperv_clocksource_tsc_page: mask: 0xffffffffffffffff max_cycles: 0x24e6a1710, max_idle_ns: 440795202120 ns
Jul 27 19:56:49 Kuntputer kernel: [    0.000001] tsc: Detected 2111.999 MHz processor
Jul 27 19:56:49 Kuntputer kernel: [    0.000006] e820: update [mem 0x00000000-0x00000fff] usable ==> reserved
Jul 27 19:56:49 Kuntputer kernel: [    0.000008] e820: remove [mem 0x000a0000-0x000fffff] usable
Jul 27 19:56:49 Kuntputer kernel: [    0.000010] last_pfn = 0x402200 max_arch_pfn = 0x400000000
Jul 27 19:56:49 Kuntputer kernel: [    0.000025] x86/PAT: Configuration [0-7]: WB  WC  UC- UC  WB  WP  UC- WT  
Jul 27 19:56:49 Kuntputer kernel: [    0.000032] last_pfn = 0xf8000 max_arch_pfn = 0x400000000
Jul 27 19:56:49 Kuntputer kernel: [    0.000036] Using GB pages for direct mapping
Jul 27 19:56:49 Kuntputer kernel: [    0.000037] Incomplete global flushes, disabling PCID
Jul 27 19:56:49 Kuntputer kernel: [    0.000212] RAMDISK: [mem 0x03dda000-0x03fe1fff]
Jul 27 19:56:49 Kuntputer kernel: [    0.000213] ACPI: Early table checksum verification disabled
Jul 27 19:56:49 Kuntputer kernel: [    0.000215] ACPI: RSDP 0x00000000000E0000 000024 (v02 VRTUAL)
Jul 27 19:56:49 Kuntputer kernel: [    0.000217] ACPI: XSDT 0x0000000000100000 000044 (v01 VRTUAL MICROSFT 00000001 MSFT 00000001)
Jul 27 19:56:49 Kuntputer kernel: [    0.000220] ACPI: FACP 0x0000000000101000 000114 (v06 VRTUAL MICROSFT 00000001 MSFT 00000001)
Jul 27 19:56:49 Kuntputer kernel: [    0.000222] ACPI: DSDT 0x00000000001011B8 01E191 (v02 MSFTVM DSDT01   00000001 MSFT 05000000)
Jul 27 19:56:49 Kuntputer kernel: [    0.000224] ACPI: FACS 0x0000000000101114 000040
Jul 27 19:56:49 Kuntputer kernel: [    0.000225] ACPI: OEM0 0x0000000000101154 000064 (v01 VRTUAL MICROSFT 00000001 MSFT 00000001)
Jul 27 19:56:49 Kuntputer kernel: [    0.000227] ACPI: SRAT 0x000000000011F349 000470 (v02 VRTUAL MICROSFT 00000001 MSFT 00000001)
Jul 27 19:56:49 Kuntputer kernel: [    0.000228] ACPI: APIC 0x000000000011F7B9 000128 (v04 VRTUAL MICROSFT 00000001 MSFT 00000001)
Jul 27 19:56:49 Kuntputer kernel: [    0.000229] ACPI: Reserving FACP table memory at [mem 0x101000-0x101113]
Jul 27 19:56:49 Kuntputer kernel: [    0.000230] ACPI: Reserving DSDT table memory at [mem 0x1011b8-0x11f348]
Jul 27 19:56:49 Kuntputer kernel: [    0.000231] ACPI: Reserving FACS table memory at [mem 0x101114-0x101153]
Jul 27 19:56:49 Kuntputer kernel: [    0.000231] ACPI: Reserving OEM0 table memory at [mem 0x101154-0x1011b7]
Jul 27 19:56:49 Kuntputer kernel: [    0.000232] ACPI: Reserving SRAT table memory at [mem 0x11f349-0x11f7b8]
Jul 27 19:56:49 Kuntputer kernel: [    0.000232] ACPI: Reserving APIC table memory at [mem 0x11f7b9-0x11f8e0]
Jul 27 19:56:49 Kuntputer kernel: [    0.000336] Zone ranges:
Jul 27 19:56:49 Kuntputer kernel: [    0.000337]   DMA      [mem 0x0000000000001000-0x0000000000ffffff]
Jul 27 19:56:49 Kuntputer kernel: [    0.000338]   DMA32    [mem 0x0000000001000000-0x00000000ffffffff]
Jul 27 19:56:49 Kuntputer kernel: [    0.000339]   Normal   [mem 0x0000000100000000-0x00000004021fffff]
Jul 27 19:56:49 Kuntputer kernel: [    0.000340]   Device   empty
Jul 27 19:56:49 Kuntputer kernel: [    0.000340] Movable zone start for each node
Jul 27 19:56:49 Kuntputer kernel: [    0.000341] Early memory node ranges
Jul 27 19:56:49 Kuntputer kernel: [    0.000341]   node   0: [mem 0x0000000000001000-0x000000000009ffff]
Jul 27 19:56:49 Kuntputer kernel: [    0.000342]   node   0: [mem 0x0000000000200000-0x00000000f7ffffff]
Jul 27 19:56:49 Kuntputer kernel: [    0.000342]   node   0: [mem 0x0000000100000000-0x00000004021fffff]
Jul 27 19:56:49 Kuntputer kernel: [    0.000343] Initmem setup node 0 [mem 0x0000000000001000-0x00000004021fffff]
Jul 27 19:56:49 Kuntputer kernel: [    0.000434] On node 0, zone DMA: 1 pages in unavailable ranges
Jul 27 19:56:49 Kuntputer kernel: [    0.000448] On node 0, zone DMA: 352 pages in unavailable ranges
Jul 27 19:56:49 Kuntputer kernel: [    0.007011] On node 0, zone Normal: 24064 pages in unavailable ranges
Jul 27 19:56:49 Kuntputer kernel: [    0.007037] ACPI: LAPIC_NMI (acpi_id[0x01] dfl dfl lint[0x1])
Jul 27 19:56:49 Kuntputer kernel: [    0.007303] IOAPIC[0]: apic_id 28, version 17, address 0xfec00000, GSI 0-23
Jul 27 19:56:49 Kuntputer kernel: [    0.007308] ACPI: INT_SRC_OVR (bus 0 bus_irq 9 global_irq 9 high level)
Jul 27 19:56:49 Kuntputer kernel: [    0.007311] ACPI: Using ACPI (MADT) for SMP configuration information
Jul 27 19:56:49 Kuntputer kernel: [    0.007318] TSC deadline timer available
Jul 27 19:56:49 Kuntputer kernel: [    0.007319] smpboot: Allowing 28 CPUs, 0 hotplug CPUs
Jul 27 19:56:49 Kuntputer kernel: [    0.007324] [mem 0xf8000000-0xffffffff] available for PCI devices
Jul 27 19:56:49 Kuntputer kernel: [    0.007325] Booting paravirtualized kernel on Hyper-V
Jul 27 19:56:49 Kuntputer kernel: [    0.007326] clocksource: refined-jiffies: mask: 0xffffffff max_cycles: 0xffffffff, max_idle_ns: 19112604462750000 ns
Jul 27 19:56:49 Kuntputer kernel: [    0.010792] setup_percpu: NR_CPUS:256 nr_cpumask_bits:256 nr_cpu_ids:28 nr_node_ids:1
Jul 27 19:56:49 Kuntputer kernel: [    0.011698] percpu: Embedded 54 pages/cpu s180696 r8192 d32296 u262144
Jul 27 19:56:49 Kuntputer kernel: [    0.011701] pcpu-alloc: s180696 r8192 d32296 u262144 alloc=1*2097152
Jul 27 19:56:49 Kuntputer kernel: [    0.011703] pcpu-alloc: [0] 00 01 02 03 04 05 06 07 [0] 08 09 10 11 12 13 14 15 
Jul 27 19:56:49 Kuntputer kernel: [    0.011707] pcpu-alloc: [0] 16 17 18 19 20 21 22 23 [0] 24 25 26 27 -- -- -- -- 
Jul 27 19:56:49 Kuntputer kernel: [    0.011717] Hyper-V: PV spinlocks enabled
Jul 27 19:56:49 Kuntputer kernel: [    0.011718] PV qspinlock hash table entries: 256 (order: 0, 4096 bytes, linear)
Jul 27 19:56:49 Kuntputer kernel: [    0.011721] Built 1 zonelists, mobility grouping on.  Total pages: 4104061
Jul 27 19:56:49 Kuntputer kernel: [    0.011722] Kernel command line: initrd=\initrd.img WSL_ROOT_INIT=1 panic=-1 nr_cpus=28 hv_utils.timesync_implicit=1 console=hvc0 debug pty.legacy_count=0
Jul 27 19:56:49 Kuntputer kernel: [    0.011753] Unknown kernel command line parameters "WSL_ROOT_INIT=1", will be passed to user space.
Jul 27 19:56:49 Kuntputer kernel: [    0.011753] printk: log_buf_len individual max cpu contribution: 4096 bytes
Jul 27 19:56:49 Kuntputer kernel: [    0.011754] printk: log_buf_len total cpu_extra contributions: 110592 bytes
Jul 27 19:56:49 Kuntputer kernel: [    0.011754] printk: log_buf_len min size: 131072 bytes
Jul 27 19:56:49 Kuntputer kernel: [    0.011822] printk: log_buf_len: 262144 bytes
Jul 27 19:56:49 Kuntputer kernel: [    0.011823] printk: early log buf free: 125584(95%)
Jul 27 19:56:49 Kuntputer kernel: [    0.013309] Dentry cache hash table entries: 2097152 (order: 12, 16777216 bytes, linear)
Jul 27 19:56:49 Kuntputer kernel: [    0.014048] Inode-cache hash table entries: 1048576 (order: 11, 8388608 bytes, linear)
Jul 27 19:56:49 Kuntputer kernel: [    0.014196] mem auto-init: stack:off, heap alloc:off, heap free:off
Jul 27 19:56:49 Kuntputer kernel: [    0.028918] Memory: 4081316K/16679548K available (18452K kernel code, 2628K rwdata, 9648K rodata, 2008K init, 1816K bss, 406072K reserved, 0K cma-reserved)
Jul 27 19:56:49 Kuntputer kernel: [    0.028966] SLUB: HWalign=64, Order=0-3, MinObjects=0, CPUs=28, Nodes=1
Jul 27 19:56:49 Kuntputer kernel: [    0.028976] ftrace: allocating 52916 entries in 207 pages
Jul 27 19:56:49 Kuntputer kernel: [    0.042955] ftrace: allocated 207 pages with 6 groups
Jul 27 19:56:49 Kuntputer kernel: [    0.043168] rcu: Hierarchical RCU implementation.
Jul 27 19:56:49 Kuntputer kernel: [    0.043170] rcu: 	RCU restricting CPUs from NR_CPUS=256 to nr_cpu_ids=28.
Jul 27 19:56:49 Kuntputer kernel: [    0.043171] 	Rude variant of Tasks RCU enabled.
Jul 27 19:56:49 Kuntputer kernel: [    0.043171] 	Tracing variant of Tasks RCU enabled.
Jul 27 19:56:49 Kuntputer kernel: [    0.043172] rcu: RCU calculated value of scheduler-enlistment delay is 10 jiffies.
Jul 27 19:56:49 Kuntputer kernel: [    0.043172] rcu: Adjusting geometry for rcu_fanout_leaf=16, nr_cpu_ids=28
Jul 27 19:56:49 Kuntputer kernel: [    0.045329] Using NULL legacy PIC
Jul 27 19:56:49 Kuntputer kernel: [    0.045329] NR_IRQS: 16640, nr_irqs: 648, preallocated irqs: 0
Jul 27 19:56:49 Kuntputer kernel: [    0.045481] random: crng init done
Jul 27 19:56:49 Kuntputer kernel: [    0.045501] Console: colour dummy device 80x25
Jul 27 19:56:49 Kuntputer kernel: [    0.045509] ACPI: Core revision 20210730
Jul 27 19:56:49 Kuntputer kernel: [    0.045552] Failed to register legacy timer interrupt
Jul 27 19:56:49 Kuntputer kernel: [    0.045552] APIC: Switch to symmetric I/O mode setup
Jul 27 19:56:49 Kuntputer kernel: [    0.046325] x2apic enabled
Jul 27 19:56:49 Kuntputer kernel: [    0.047070] Switched APIC routing to physical x2apic.
Jul 27 19:56:49 Kuntputer kernel: [    0.047079] Hyper-V: Using IPI hypercalls
Jul 27 19:56:49 Kuntputer kernel: [    0.047117] clocksource: tsc-early: mask: 0xffffffffffffffff max_cycles: 0x1e7177b097e, max_idle_ns: 440795281886 ns
Jul 27 19:56:49 Kuntputer kernel: [    0.047121] Calibrating delay loop (skipped), value calculated using timer frequency.. 4223.99 BogoMIPS (lpj=21119990)
Jul 27 19:56:49 Kuntputer kernel: [    0.047168] x86/cpu: User Mode Instruction Prevention (UMIP) activated
Jul 27 19:56:49 Kuntputer kernel: [    0.047175] Last level iTLB entries: 4KB 0, 2MB 0, 4MB 0
Jul 27 19:56:49 Kuntputer kernel: [    0.047176] Last level dTLB entries: 4KB 0, 2MB 0, 4MB 0, 1GB 0
Jul 27 19:56:49 Kuntputer kernel: [    0.047178] Spectre V1 : Mitigation: usercopy/swapgs barriers and __user pointer sanitization
Jul 27 19:56:49 Kuntputer kernel: [    0.047179] Spectre V2 : Mitigation: Enhanced IBRS
Jul 27 19:56:49 Kuntputer kernel: [    0.047179] Spectre V2 : Spectre v2 / SpectreRSB mitigation: Filling RSB on context switch
Jul 27 19:56:49 Kuntputer kernel: [    0.047180] Spectre V2 : Spectre v2 / PBRSB-eIBRS: Retire a single CALL on VMEXIT
Jul 27 19:56:49 Kuntputer kernel: [    0.047180] RETBleed: Mitigation: Enhanced IBRS
Jul 27 19:56:49 Kuntputer kernel: [    0.047181] Spectre V2 : mitigation: Enabling conditional Indirect Branch Prediction Barrier
Jul 27 19:56:49 Kuntputer kernel: [    0.047182] Speculative Store Bypass: Mitigation: Speculative Store Bypass disabled via prctl and seccomp
Jul 27 19:56:49 Kuntputer kernel: [    0.047190] x86/fpu: Supporting XSAVE feature 0x001: 'x87 floating point registers'
Jul 27 19:56:49 Kuntputer kernel: [    0.047191] x86/fpu: Supporting XSAVE feature 0x002: 'SSE registers'
Jul 27 19:56:49 Kuntputer kernel: [    0.047191] x86/fpu: Supporting XSAVE feature 0x004: 'AVX registers'
Jul 27 19:56:49 Kuntputer kernel: [    0.047192] x86/fpu: xstate_offset[2]:  576, xstate_sizes[2]:  256
Jul 27 19:56:49 Kuntputer kernel: [    0.047193] x86/fpu: Enabled xstate features 0x7, context size is 832 bytes, using 'compacted' format.
Jul 27 19:56:49 Kuntputer kernel: [    0.054570] Freeing SMP alternatives memory: 60K
Jul 27 19:56:49 Kuntputer kernel: [    0.054573] pid_max: default: 32768 minimum: 301
Jul 27 19:56:49 Kuntputer kernel: [    0.054591] LSM: Security Framework initializing
Jul 27 19:56:49 Kuntputer kernel: [    0.054595] landlock: Up and running.
Jul 27 19:56:49 Kuntputer kernel: [    0.054622] Mount-cache hash table entries: 32768 (order: 6, 262144 bytes, linear)
Jul 27 19:56:49 Kuntputer kernel: [    0.054636] Mountpoint-cache hash table entries: 32768 (order: 6, 262144 bytes, linear)
Jul 27 19:56:49 Kuntputer kernel: [    0.054764] smpboot: CPU0: Intel(R) Core(TM) i7-14700F (family: 0x6, model: 0xb7, stepping: 0x1)
Jul 27 19:56:49 Kuntputer kernel: [    0.054815] Performance Events: unsupported p6 CPU model 183 no PMU driver, software events only.
Jul 27 19:56:49 Kuntputer kernel: [    0.054822] signal: max sigframe size: 1776
Jul 27 19:56:49 Kuntputer kernel: [    0.054828] rcu: Hierarchical SRCU implementation.
Jul 27 19:56:49 Kuntputer kernel: [    0.055097] smp: Bringing up secondary CPUs ...
Jul 27 19:56:49 Kuntputer kernel: [    0.055245] x86: Booting SMP configuration:
Jul 27 19:56:49 Kuntputer kernel: [    0.055245] .... node  #0, CPUs:        #1  #2  #3  #4  #5  #6  #7  #8  #9 #10 #11 #12 #13 #14 #15 #16 #17 #18 #19 #20 #21 #22 #23 #24 #25 #26 #27
Jul 27 19:56:49 Kuntputer kernel: [    0.055536] smp: Brought up 1 node, 28 CPUs
Jul 27 19:56:49 Kuntputer kernel: [    0.055536] smpboot: Max logical packages: 1
Jul 27 19:56:49 Kuntputer kernel: [    0.055536] smpboot: Total of 28 processors activated (118271.94 BogoMIPS)
Jul 27 19:56:49 Kuntputer kernel: [    0.063554] node 0 deferred pages initialised in 0ms
Jul 27 19:56:49 Kuntputer kernel: [    0.064347] devtmpfs: initialized
Jul 27 19:56:49 Kuntputer kernel: [    0.064347] x86/mm: Memory block size: 128MB
Jul 27 19:56:49 Kuntputer kernel: [    0.064347] clocksource: jiffies: mask: 0xffffffff max_cycles: 0xffffffff, max_idle_ns: 19112604462750000 ns
Jul 27 19:56:49 Kuntputer kernel: [    0.064347] futex hash table entries: 8192 (order: 7, 524288 bytes, linear)
Jul 27 19:56:49 Kuntputer kernel: [    0.064347] NET: Registered PF_NETLINK/PF_ROUTE protocol family
Jul 27 19:56:49 Kuntputer kernel: [    0.064347] audit: initializing netlink subsys (disabled)
Jul 27 19:56:49 Kuntputer kernel: [    0.064347] audit: type=2000 audit(1722117954.010:1): state=initialized audit_enabled=0 res=1
Jul 27 19:56:49 Kuntputer kernel: [    0.064347] thermal_sys: Registered thermal governor 'step_wise'
Jul 27 19:56:49 Kuntputer kernel: [    0.064347] cpuidle: using governor menu
Jul 27 19:56:49 Kuntputer kernel: [    0.064347] ACPI: bus type PCI registered
Jul 27 19:56:49 Kuntputer kernel: [    0.064347] PCI: Fatal: No config space access function found
Jul 27 19:56:49 Kuntputer kernel: [    0.067651] kprobes: kprobe jump-optimization is enabled. All kprobes are optimized if possible.
Jul 27 19:56:49 Kuntputer kernel: [    0.067665] HugeTLB registered 1.00 GiB page size, pre-allocated 0 pages
Jul 27 19:56:49 Kuntputer kernel: [    0.067665] HugeTLB registered 2.00 MiB page size, pre-allocated 0 pages
Jul 27 19:56:49 Kuntputer kernel: [    0.067665] raid6: skip pq benchmark and using algorithm avx2x4
Jul 27 19:56:49 Kuntputer kernel: [    0.067665] raid6: using avx2x2 recovery algorithm
Jul 27 19:56:49 Kuntputer kernel: [    0.067665] ACPI: Added _OSI(Module Device)
Jul 27 19:56:49 Kuntputer kernel: [    0.067665] ACPI: Added _OSI(Processor Device)
Jul 27 19:56:49 Kuntputer kernel: [    0.067665] ACPI: Added _OSI(3.0 _SCP Extensions)
Jul 27 19:56:49 Kuntputer kernel: [    0.067665] ACPI: Added _OSI(Processor Aggregator Device)
Jul 27 19:56:49 Kuntputer kernel: [    0.067665] ACPI: Added _OSI(Linux-Dell-Video)
Jul 27 19:56:49 Kuntputer kernel: [    0.067665] ACPI: Added _OSI(Linux-Lenovo-NV-HDMI-Audio)
Jul 27 19:56:49 Kuntputer kernel: [    0.067665] ACPI: Added _OSI(Linux-HPI-Hybrid-Graphics)
Jul 27 19:56:49 Kuntputer kernel: [    0.068851] ACPI: 1 ACPI AML tables successfully acquired and loaded
Jul 27 19:56:49 Kuntputer kernel: [    0.069232] ACPI: Interpreter enabled
Jul 27 19:56:49 Kuntputer kernel: [    0.069233] ACPI: PM: (supports S0 S5)
Jul 27 19:56:49 Kuntputer kernel: [    0.069234] ACPI: Using IOAPIC for interrupt routing
Jul 27 19:56:49 Kuntputer kernel: [    0.069237] PCI: Using host bridge windows from ACPI; if necessary, use "pci=nocrs" and report a bug
Jul 27 19:56:49 Kuntputer kernel: [    0.069305] ACPI: Enabled 1 GPEs in block 00 to 0F
Jul 27 19:56:49 Kuntputer kernel: [    0.069765] iommu: Default domain type: Translated 
Jul 27 19:56:49 Kuntputer kernel: [    0.069766] iommu: DMA domain TLB invalidation policy: lazy mode 
Jul 27 19:56:49 Kuntputer kernel: [    0.069802] SCSI subsystem initialized
Jul 27 19:56:49 Kuntputer kernel: [    0.069806] ACPI: bus type USB registered
Jul 27 19:56:49 Kuntputer kernel: [    0.069810] usbcore: registered new interface driver usbfs
Jul 27 19:56:49 Kuntputer kernel: [    0.069812] usbcore: registered new interface driver hub
Jul 27 19:56:49 Kuntputer kernel: [    0.069817] usbcore: registered new device driver usb
Jul 27 19:56:49 Kuntputer kernel: [    0.069821] pps_core: LinuxPPS API ver. 1 registered
Jul 27 19:56:49 Kuntputer kernel: [    0.069822] pps_core: Software ver. 5.3.6 - Copyright 2005-2007 Rodolfo Giometti <giometti@linux.it>
Jul 27 19:56:49 Kuntputer kernel: [    0.069823] PTP clock support registered
Jul 27 19:56:49 Kuntputer kernel: [    0.069838] hv_vmbus: Vmbus version:5.3
Jul 27 19:56:49 Kuntputer kernel: [    0.069838] PCI: Using ACPI for IRQ routing
Jul 27 19:56:49 Kuntputer kernel: [    0.069838] PCI: System does not support PCI
Jul 27 19:56:49 Kuntputer kernel: [    0.069838] clocksource: Switched to clocksource tsc-early
Jul 27 19:56:49 Kuntputer kernel: [    0.069838] hv_vmbus: Unknown GUID: c376c1c3-d276-48d2-90a9-c04748072c60
Jul 27 19:56:49 Kuntputer kernel: [    0.069838] hv_vmbus: Unknown GUID: 6e382d18-3336-4f4b-acc4-2b7703d4df4a
Jul 27 19:56:49 Kuntputer kernel: [    0.069838] hv_vmbus: Unknown GUID: dde9cbc0-5060-4436-9448-ea1254a5d177
Jul 27 19:56:49 Kuntputer kernel: [    0.072724] VFS: Disk quotas dquot_6.6.0
Jul 27 19:56:49 Kuntputer kernel: [    0.072735] VFS: Dquot-cache hash table entries: 512 (order 0, 4096 bytes)
Jul 27 19:56:49 Kuntputer kernel: [    0.072745] FS-Cache: Loaded
Jul 27 19:56:49 Kuntputer kernel: [    0.072760] pnp: PnP ACPI init
Jul 27 19:56:49 Kuntputer kernel: [    0.072814] pnp: PnP ACPI: found 1 devices
Jul 27 19:56:49 Kuntputer kernel: [    0.075355] NET: Registered PF_INET protocol family
Jul 27 19:56:49 Kuntputer kernel: [    0.075568] IP idents hash table entries: 262144 (order: 9, 2097152 bytes, linear)
Jul 27 19:56:49 Kuntputer kernel: [    0.076199] tcp_listen_portaddr_hash hash table entries: 8192 (order: 5, 131072 bytes, linear)
Jul 27 19:56:49 Kuntputer kernel: [    0.076206] Table-perturb hash table entries: 65536 (order: 6, 262144 bytes, linear)
Jul 27 19:56:49 Kuntputer kernel: [    0.076209] TCP established hash table entries: 131072 (order: 8, 1048576 bytes, linear)
Jul 27 19:56:49 Kuntputer kernel: [    0.076361] TCP bind hash table entries: 65536 (order: 8, 1048576 bytes, linear)
Jul 27 19:56:49 Kuntputer kernel: [    0.076412] TCP: Hash tables configured (established 131072 bind 65536)
Jul 27 19:56:49 Kuntputer kernel: [    0.076429] UDP hash table entries: 8192 (order: 6, 262144 bytes, linear)
Jul 27 19:56:49 Kuntputer kernel: [    0.076444] UDP-Lite hash table entries: 8192 (order: 6, 262144 bytes, linear)
Jul 27 19:56:49 Kuntputer kernel: [    0.076573] NET: Registered PF_UNIX/PF_LOCAL protocol family
Jul 27 19:56:49 Kuntputer kernel: [    0.076753] RPC: Registered named UNIX socket transport module.
Jul 27 19:56:49 Kuntputer kernel: [    0.076754] RPC: Registered udp transport module.
Jul 27 19:56:49 Kuntputer kernel: [    0.076755] RPC: Registered tcp transport module.
Jul 27 19:56:49 Kuntputer kernel: [    0.076755] RPC: Registered tcp NFSv4.1 backchannel transport module.
Jul 27 19:56:49 Kuntputer kernel: [    0.076757] PCI: CLS 0 bytes, default 64
Jul 27 19:56:49 Kuntputer kernel: [    0.076767] PCI-DMA: Using software bounce buffering for IO (SWIOTLB)
Jul 27 19:56:49 Kuntputer kernel: [    0.076767] software IO TLB: mapped [mem 0x00000000f4000000-0x00000000f8000000] (64MB)
Jul 27 19:56:49 Kuntputer kernel: [    0.076782] KVM: vmx: using Hyper-V Enlightened VMCS
Jul 27 19:56:49 Kuntputer kernel: [    0.076889] Trying to unpack rootfs image as initramfs...
Jul 27 19:56:49 Kuntputer kernel: [    0.077503] Freeing initrd memory: 2080K
Jul 27 19:56:49 Kuntputer kernel: [    0.197470] kvm: already loaded the other module
Jul 27 19:56:49 Kuntputer kernel: [    0.200067] Initialise system trusted keyrings
Jul 27 19:56:49 Kuntputer kernel: [    0.200131] workingset: timestamp_bits=46 max_order=22 bucket_order=0
Jul 27 19:56:49 Kuntputer kernel: [    0.200506] squashfs: version 4.0 (2009/01/31) Phillip Lougher
Jul 27 19:56:49 Kuntputer kernel: [    0.200600] NFS: Registering the id_resolver key type
Jul 27 19:56:49 Kuntputer kernel: [    0.200603] Key type id_resolver registered
Jul 27 19:56:49 Kuntputer kernel: [    0.200604] Key type id_legacy registered
Jul 27 19:56:49 Kuntputer kernel: [    0.200605] nfs4filelayout_init: NFSv4 File Layout Driver Registering...
Jul 27 19:56:49 Kuntputer kernel: [    0.200606] nfs4flexfilelayout_init: NFSv4 Flexfile Layout Driver Registering...
Jul 27 19:56:49 Kuntputer kernel: [    0.200607] Installing knfsd (copyright (C) 1996 okir@monad.swb.de).
Jul 27 19:56:49 Kuntputer kernel: [    0.201061] Key type cifs.idmap registered
Jul 27 19:56:49 Kuntputer kernel: [    0.201093] fuse: init (API version 7.34)
Jul 27 19:56:49 Kuntputer kernel: [    0.201160] SGI XFS with ACLs, security attributes, realtime, scrub, repair, quota, no debug enabled
Jul 27 19:56:49 Kuntputer kernel: [    0.201316] 9p: Installing v9fs 9p2000 file system support
Jul 27 19:56:49 Kuntputer kernel: [    0.201320] FS-Cache: Netfs '9p' registered for caching
Jul 27 19:56:49 Kuntputer kernel: [    0.201339] FS-Cache: Netfs 'ceph' registered for caching
Jul 27 19:56:49 Kuntputer kernel: [    0.201340] ceph: loaded (mds proto 32)
Jul 27 19:56:49 Kuntputer kernel: [    0.205549] NET: Registered PF_ALG protocol family
Jul 27 19:56:49 Kuntputer kernel: [    0.205551] xor: automatically using best checksumming function   avx       
Jul 27 19:56:49 Kuntputer kernel: [    0.205552] Key type asymmetric registered
Jul 27 19:56:49 Kuntputer kernel: [    0.205553] Asymmetric key parser 'x509' registered
Jul 27 19:56:49 Kuntputer kernel: [    0.205566] Block layer SCSI generic (bsg) driver version 0.4 loaded (major 248)
Jul 27 19:56:49 Kuntputer kernel: [    0.206196] hv_vmbus: registering driver hv_pci
Jul 27 19:56:49 Kuntputer kernel: [    0.206337] hv_pci ce2df459-2154-4d54-87e9-23d9136d7a0d: PCI VMBus probing: Using version 0x10004
Jul 27 19:56:49 Kuntputer kernel: [    0.206730] hv_pci ce2df459-2154-4d54-87e9-23d9136d7a0d: PCI host bridge to bus 2154:00
Jul 27 19:56:49 Kuntputer kernel: [    0.206732] pci_bus 2154:00: root bus resource [mem 0x9ffe00000-0x9ffe02fff window]
Jul 27 19:56:49 Kuntputer kernel: [    0.206733] pci_bus 2154:00: No busn resource found for root bus, will use [bus 00-ff]
Jul 27 19:56:49 Kuntputer kernel: [    0.207021] pci 2154:00:00.0: [1af4:1043] type 00 class 0x010000
Jul 27 19:56:49 Kuntputer kernel: [    0.207369] pci 2154:00:00.0: reg 0x10: [mem 0x9ffe00000-0x9ffe00fff 64bit]
Jul 27 19:56:49 Kuntputer kernel: [    0.207590] pci 2154:00:00.0: reg 0x18: [mem 0x9ffe01000-0x9ffe01fff 64bit]
Jul 27 19:56:49 Kuntputer kernel: [    0.207894] pci 2154:00:00.0: reg 0x20: [mem 0x9ffe02000-0x9ffe02fff 64bit]
Jul 27 19:56:49 Kuntputer kernel: [    0.209032] pci_bus 2154:00: busn_res: [bus 00-ff] end is updated to 00
Jul 27 19:56:49 Kuntputer kernel: [    0.209036] pci 2154:00:00.0: BAR 0: assigned [mem 0x9ffe00000-0x9ffe00fff 64bit]
Jul 27 19:56:49 Kuntputer kernel: [    0.209234] pci 2154:00:00.0: BAR 2: assigned [mem 0x9ffe01000-0x9ffe01fff 64bit]
Jul 27 19:56:49 Kuntputer kernel: [    0.209391] pci 2154:00:00.0: BAR 4: assigned [mem 0x9ffe02000-0x9ffe02fff 64bit]
Jul 27 19:56:49 Kuntputer kernel: [    0.209682] hv_pci ec7b2916-4aeb-462f-b889-59b0a624120e: PCI VMBus probing: Using version 0x10004
Jul 27 19:56:49 Kuntputer kernel: [    0.209977] hv_pci ec7b2916-4aeb-462f-b889-59b0a624120e: PCI host bridge to bus 4aeb:00
Jul 27 19:56:49 Kuntputer kernel: [    0.209979] pci_bus 4aeb:00: No busn resource found for root bus, will use [bus 00-ff]
Jul 27 19:56:49 Kuntputer kernel: [    0.210103] pci 4aeb:00:00.0: [1414:008e] type 00 class 0x030200
Jul 27 19:56:49 Kuntputer kernel: [    0.211543] pci_bus 4aeb:00: busn_res: [bus 00-ff] end is updated to 00
Jul 27 19:56:49 Kuntputer kernel: [    0.213278] Serial: 8250/16550 driver, 4 ports, IRQ sharing disabled
Jul 27 19:56:49 Kuntputer kernel: [    0.227845] Non-volatile memory driver v1.3
Jul 27 19:56:49 Kuntputer kernel: [    0.227941] [drm] Initialized vgem 1.0.0 20120112 for vgem on minor 0
Jul 27 19:56:49 Kuntputer kernel: [    0.230395] printk: console [hvc0] enabled
Jul 27 19:56:49 Kuntputer kernel: [    0.230596] brd: module loaded
Jul 27 19:56:49 Kuntputer kernel: [    0.231258] loop: module loaded
Jul 27 19:56:49 Kuntputer kernel: [    0.231404] hv_vmbus: registering driver hv_storvsc
Jul 27 19:56:49 Kuntputer kernel: [    0.231570] wireguard: WireGuard 1.0.0 loaded. See www.wireguard.com for information.
Jul 27 19:56:49 Kuntputer kernel: [    0.231836] wireguard: Copyright (C) 2015-2019 Jason A. Donenfeld <Jason@zx2c4.com>. All Rights Reserved.
Jul 27 19:56:49 Kuntputer kernel: [    0.232080] tun: Universal TUN/TAP device driver, 1.6
Jul 27 19:56:49 Kuntputer kernel: [    0.232313] PPP generic driver version 2.4.2
Jul 27 19:56:49 Kuntputer kernel: [    0.232505] PPP BSD Compression module registered
Jul 27 19:56:49 Kuntputer kernel: [    0.232630] scsi host0: storvsc_host_t
Jul 27 19:56:49 Kuntputer kernel: [    0.232788] PPP Deflate Compression module registered
Jul 27 19:56:49 Kuntputer kernel: [    0.233073] PPP MPPE Compression module registered
Jul 27 19:56:49 Kuntputer kernel: [    0.233283] NET: Registered PF_PPPOX protocol family
Jul 27 19:56:49 Kuntputer kernel: [    0.233431] usbcore: registered new interface driver cdc_ether
Jul 27 19:56:49 Kuntputer kernel: [    0.233618] usbcore: registered new interface driver cdc_ncm
Jul 27 19:56:49 Kuntputer kernel: [    0.233788] usbcore: registered new interface driver r8153_ecm
Jul 27 19:56:49 Kuntputer kernel: [    0.233962] hv_vmbus: registering driver hv_netvsc
Jul 27 19:56:49 Kuntputer kernel: [    0.234144] VFIO - User Level meta-driver version: 0.3
Jul 27 19:56:49 Kuntputer kernel: [    0.234342] usbcore: registered new interface driver cdc_acm
Jul 27 19:56:49 Kuntputer kernel: [    0.234529] cdc_acm: USB Abstract Control Model driver for USB modems and ISDN adapters
Jul 27 19:56:49 Kuntputer kernel: [    0.234780] vhci_hcd vhci_hcd.0: USB/IP Virtual Host Controller
Jul 27 19:56:49 Kuntputer kernel: [    0.234948] vhci_hcd vhci_hcd.0: new USB bus registered, assigned bus number 1
Jul 27 19:56:49 Kuntputer kernel: [    0.235151] vhci_hcd: created sysfs vhci_hcd.0
Jul 27 19:56:49 Kuntputer kernel: [    0.235377] usb usb1: New USB device found, idVendor=1d6b, idProduct=0002, bcdDevice= 5.15
Jul 27 19:56:49 Kuntputer kernel: [    0.235581] usb usb1: New USB device strings: Mfr=3, Product=2, SerialNumber=1
Jul 27 19:56:49 Kuntputer kernel: [    0.235775] usb usb1: Product: USB/IP Virtual Host Controller
Jul 27 19:56:49 Kuntputer kernel: [    0.235950] usb usb1: Manufacturer: Linux 5.15.153.1-microsoft-standard-WSL2 vhci_hcd
Jul 27 19:56:49 Kuntputer kernel: [    0.236144] usb usb1: SerialNumber: vhci_hcd.0
Jul 27 19:56:49 Kuntputer kernel: [    0.236343] hub 1-0:1.0: USB hub found
Jul 27 19:56:49 Kuntputer kernel: [    0.236470] hub 1-0:1.0: 8 ports detected
Jul 27 19:56:49 Kuntputer kernel: [    0.236723] vhci_hcd vhci_hcd.0: USB/IP Virtual Host Controller
Jul 27 19:56:49 Kuntputer kernel: [    0.236894] vhci_hcd vhci_hcd.0: new USB bus registered, assigned bus number 2
Jul 27 19:56:49 Kuntputer kernel: [    0.237136] usb usb2: We don't know the algorithms for LPM for this host, disabling LPM.
Jul 27 19:56:49 Kuntputer kernel: [    0.237419] usb usb2: New USB device found, idVendor=1d6b, idProduct=0003, bcdDevice= 5.15
Jul 27 19:56:49 Kuntputer kernel: [    0.237625] usb usb2: New USB device strings: Mfr=3, Product=2, SerialNumber=1
Jul 27 19:56:49 Kuntputer kernel: [    0.237824] usb usb2: Product: USB/IP Virtual Host Controller
Jul 27 19:56:49 Kuntputer kernel: [    0.237985] usb usb2: Manufacturer: Linux 5.15.153.1-microsoft-standard-WSL2 vhci_hcd
Jul 27 19:56:49 Kuntputer kernel: [    0.238201] usb usb2: SerialNumber: vhci_hcd.0
Jul 27 19:56:49 Kuntputer kernel: [    0.238495] hub 2-0:1.0: USB hub found
Jul 27 19:56:49 Kuntputer kernel: [    0.238621] hub 2-0:1.0: 8 ports detected
Jul 27 19:56:49 Kuntputer kernel: [    0.238876] hv_vmbus: registering driver hyperv_keyboard
Jul 27 19:56:49 Kuntputer kernel: [    0.239026] rtc_cmos 00:00: RTC can wake from S4
Jul 27 19:56:49 Kuntputer kernel: [    0.239982] rtc_cmos 00:00: registered as rtc0
Jul 27 19:56:49 Kuntputer kernel: [    0.240268] rtc_cmos 00:00: setting system clock to 2024-07-27T22:05:54 UTC (1722117954)
Jul 27 19:56:49 Kuntputer kernel: [    0.240521] rtc_cmos 00:00: alarms up to one month, 114 bytes nvram
Jul 27 19:56:49 Kuntputer kernel: [    0.240779] device-mapper: ioctl: 4.45.0-ioctl (2021-03-22) initialised: dm-devel@redhat.com
Jul 27 19:56:49 Kuntputer kernel: [    0.241178] device-mapper: raid: Loading target version 1.15.1
Jul 27 19:56:49 Kuntputer kernel: [    0.241376] hid: raw HID events driver (C) Jiri Kosina
Jul 27 19:56:49 Kuntputer kernel: [    0.241517] usbcore: registered new interface driver usbhid
Jul 27 19:56:49 Kuntputer kernel: [    0.241671] usbhid: USB HID core driver
Jul 27 19:56:49 Kuntputer kernel: [    0.241802] hv_utils: Registering HyperV Utility Driver
Jul 27 19:56:49 Kuntputer kernel: [    0.241953] hv_vmbus: registering driver hv_utils
Jul 27 19:56:49 Kuntputer kernel: [    0.242102] hv_vmbus: registering driver hv_balloon
Jul 27 19:56:49 Kuntputer kernel: [    0.242273] hv_utils: TimeSync IC version 4.0
Jul 27 19:56:49 Kuntputer kernel: [    0.242296] hv_vmbus: registering driver dxgkrnl
Jul 27 19:56:49 Kuntputer kernel: [    0.242536] hv_balloon: Using Dynamic Memory protocol version 2.0
Jul 27 19:56:49 Kuntputer kernel: [    0.242809] drop_monitor: Initializing network drop monitor service
Jul 27 19:56:49 Kuntputer kernel: [    0.243337] Mirror/redirect action on
Jul 27 19:56:49 Kuntputer kernel: [    0.243449] u32 classifier
Jul 27 19:56:49 Kuntputer kernel: [    0.243517]     Performance counters on
Jul 27 19:56:49 Kuntputer kernel: [    0.243633]     input device check on
Jul 27 19:56:49 Kuntputer kernel: [    0.243637] Free page reporting enabled
Jul 27 19:56:49 Kuntputer kernel: [    0.243787]     Actions configured
Jul 27 19:56:49 Kuntputer kernel: [    0.243891] hv_balloon: Cold memory discard hint enabled with order 9
Jul 27 19:56:49 Kuntputer kernel: [    0.244496] IPVS: Registered protocols (TCP, UDP)
Jul 27 19:56:49 Kuntputer kernel: [    0.244641] IPVS: Connection hash table configured (size=4096, memory=32Kbytes)
Jul 27 19:56:49 Kuntputer kernel: [    0.244866] IPVS: ipvs loaded.
Jul 27 19:56:49 Kuntputer kernel: [    0.244966] IPVS: [rr] scheduler registered.
Jul 27 19:56:49 Kuntputer kernel: [    0.245107] IPVS: [wrr] scheduler registered.
Jul 27 19:56:49 Kuntputer kernel: [    0.245240] IPVS: [sh] scheduler registered.
Jul 27 19:56:49 Kuntputer kernel: [    0.245399] ipt_CLUSTERIP: ClusterIP Version 0.8 loaded successfully
Jul 27 19:56:49 Kuntputer kernel: [    0.245577] Initializing XFRM netlink socket
Jul 27 19:56:49 Kuntputer kernel: [    0.245731] NET: Registered PF_INET6 protocol family
Jul 27 19:56:49 Kuntputer kernel: [    0.246041] Segment Routing with IPv6
Jul 27 19:56:49 Kuntputer kernel: [    0.246145] In-situ OAM (IOAM) with IPv6
Jul 27 19:56:49 Kuntputer kernel: [    0.246256] NET: Registered PF_PACKET protocol family
Jul 27 19:56:49 Kuntputer kernel: [    0.246401] Bridge firewalling registered
Jul 27 19:56:49 Kuntputer kernel: [    0.246504] 8021q: 802.1Q VLAN Support v1.8
Jul 27 19:56:49 Kuntputer kernel: [    0.246609] sctp: Hash tables configured (bind 256/256)
Jul 27 19:56:49 Kuntputer kernel: [    0.246766] 9pnet: Installing 9P2000 support
Jul 27 19:56:49 Kuntputer kernel: [    0.246899] Key type dns_resolver registered
Jul 27 19:56:49 Kuntputer kernel: [    0.247038] Key type ceph registered
Jul 27 19:56:49 Kuntputer kernel: [    0.247212] libceph: loaded (mon/osd proto 15/24)
Jul 27 19:56:49 Kuntputer kernel: [    0.247394] NET: Registered PF_VSOCK protocol family
Jul 27 19:56:49 Kuntputer kernel: [    0.247529] hv_vmbus: registering driver hv_sock
Jul 27 19:56:49 Kuntputer kernel: [    0.247676] IPI shorthand broadcast: enabled
Jul 27 19:56:49 Kuntputer kernel: [    0.247814] sched_clock: Marking stable (245741637, 1644800)->(262604700, -15218263)
Jul 27 19:56:49 Kuntputer kernel: [    0.248531] registered taskstats version 1
Jul 27 19:56:49 Kuntputer kernel: [    0.249265] Loading compiled-in X.509 certificates
Jul 27 19:56:49 Kuntputer kernel: [    0.251688] Btrfs loaded, crc32c=crc32c-generic, zoned=no, fsverity=no
Jul 27 19:56:49 Kuntputer kernel: [    0.256883] Freeing unused kernel image (initmem) memory: 2008K
Jul 27 19:56:49 Kuntputer kernel: [    0.257094] Write protecting the kernel read-only data: 30720k
Jul 27 19:56:49 Kuntputer kernel: [    0.257822] Freeing unused kernel image (text/rodata gap) memory: 2024K
Jul 27 19:56:49 Kuntputer kernel: [    0.258299] Freeing unused kernel image (rodata/data gap) memory: 592K
Jul 27 19:56:49 Kuntputer kernel: [    0.258490] Run /init as init process
Jul 27 19:56:49 Kuntputer kernel: [    0.258592]   with arguments:
Jul 27 19:56:49 Kuntputer kernel: [    0.258686]     /init
Jul 27 19:56:49 Kuntputer kernel: [    0.258751]   with environment:
Jul 27 19:56:49 Kuntputer kernel: [    0.258846]     HOME=/
Jul 27 19:56:49 Kuntputer kernel: [    0.258911]     TERM=linux
Jul 27 19:56:49 Kuntputer kernel: [    0.258974]     WSL_ROOT_INIT=1
Jul 27 19:56:49 Kuntputer kernel: [    0.395554] scsi 0:0:0:0: Direct-Access     Msft     Virtual Disk     1.0  PQ: 0 ANSI: 5
Jul 27 19:56:49 Kuntputer kernel: [    0.405923] sd 0:0:0:0: Attached scsi generic sg0 type 0
Jul 27 19:56:49 Kuntputer kernel: [    0.406277] sd 0:0:0:0: [sda] 795856 512-byte logical blocks: (407 MB/389 MiB)
Jul 27 19:56:49 Kuntputer kernel: [    0.406598] sd 0:0:0:0: [sda] Write Protect is on
Jul 27 19:56:49 Kuntputer kernel: [    0.406742] sd 0:0:0:0: [sda] Mode Sense: 0f 00 80 00
Jul 27 19:56:49 Kuntputer kernel: [    0.406944] sd 0:0:0:0: [sda] Write cache: disabled, read cache: enabled, doesn't support DPO or FUA
Jul 27 19:56:49 Kuntputer kernel: [    0.408439] sd 0:0:0:0: [sda] Attached SCSI disk
Jul 27 19:56:49 Kuntputer kernel: [    0.451769] scsi 0:0:0:1: Direct-Access     Msft     Virtual Disk     1.0  PQ: 0 ANSI: 5
Jul 27 19:56:49 Kuntputer kernel: [    0.452647] EXT4-fs (sda): mounted filesystem without journal. Opts: (null). Quota mode: none.
Jul 27 19:56:49 Kuntputer kernel: [    0.464082] sd 0:0:0:1: Attached scsi generic sg1 type 0
Jul 27 19:56:49 Kuntputer kernel: [    0.464516] sd 0:0:0:1: [sdb] 8388616 512-byte logical blocks: (4.29 GB/4.00 GiB)
Jul 27 19:56:49 Kuntputer kernel: [    0.464842] sd 0:0:0:1: [sdb] 4096-byte physical blocks
Jul 27 19:56:49 Kuntputer kernel: [    0.465277] sd 0:0:0:1: [sdb] Write Protect is off
Jul 27 19:56:49 Kuntputer kernel: [    0.465576] sd 0:0:0:1: [sdb] Mode Sense: 0f 00 00 00
Jul 27 19:56:49 Kuntputer kernel: [    0.466087] sd 0:0:0:1: [sdb] Write cache: enabled, read cache: enabled, doesn't support DPO or FUA
Jul 27 19:56:49 Kuntputer kernel: [    0.468605] sd 0:0:0:1: [sdb] Attached SCSI disk
Jul 27 19:56:49 Kuntputer kernel: [    0.504081] Adding 4194304k swap on /dev/sdb.  Priority:-2 extents:1 across:4194304k 
Jul 27 19:56:49 Kuntputer kernel: [    1.241663] clocksource: tsc: mask: 0xffffffffffffffff max_cycles: 0x1e7177b097e, max_idle_ns: 440795281886 ns
Jul 27 19:56:49 Kuntputer kernel: [    1.242691] clocksource: Switched to clocksource tsc
Jul 27 19:56:49 Kuntputer kernel: [    1.311443] IPv6: ADDRCONF(NETDEV_CHANGE): eth0: link becomes ready
Jul 27 19:56:49 Kuntputer kernel: [    1.381942] hv_pci c707f904-26aa-4264-9c38-563f8fb4c663: PCI VMBus probing: Using version 0x10004
Jul 27 19:56:49 Kuntputer kernel: [    1.383158] hv_pci c707f904-26aa-4264-9c38-563f8fb4c663: PCI host bridge to bus 26aa:00
Jul 27 19:56:49 Kuntputer kernel: [    1.383383] pci_bus 26aa:00: root bus resource [mem 0xc00000000-0xe00001fff window]
Jul 27 19:56:49 Kuntputer kernel: [    1.383581] pci_bus 26aa:00: No busn resource found for root bus, will use [bus 00-ff]
Jul 27 19:56:49 Kuntputer kernel: [    1.384118] pci 26aa:00:00.0: [1af4:105a] type 00 class 0x088000
Jul 27 19:56:49 Kuntputer kernel: [    1.385366] pci 26aa:00:00.0: reg 0x10: [mem 0xe00000000-0xe00000fff 64bit]
Jul 27 19:56:49 Kuntputer kernel: [    1.386501] pci 26aa:00:00.0: reg 0x18: [mem 0xe00001000-0xe00001fff 64bit]
Jul 27 19:56:49 Kuntputer kernel: [    1.387567] pci 26aa:00:00.0: reg 0x20: [mem 0xc00000000-0xdffffffff 64bit]
Jul 27 19:56:49 Kuntputer kernel: [    1.389739] pci_bus 26aa:00: busn_res: [bus 00-ff] end is updated to 00
Jul 27 19:56:49 Kuntputer kernel: [    1.389914] pci 26aa:00:00.0: BAR 4: assigned [mem 0xc00000000-0xdffffffff 64bit]
Jul 27 19:56:49 Kuntputer kernel: [    1.390973] pci 26aa:00:00.0: BAR 0: assigned [mem 0xe00000000-0xe00000fff 64bit]
Jul 27 19:56:49 Kuntputer kernel: [    1.392084] pci 26aa:00:00.0: BAR 2: assigned [mem 0xe00001000-0xe00001fff 64bit]
Jul 27 19:56:49 Kuntputer kernel: [    1.398842] virtiofs virtio1: Cache len: 0x200000000 @ 0xc00000000
Jul 27 19:56:49 Kuntputer kernel: [    1.445669] memmap_init_zone_device initialised 2097152 pages in 10ms
Jul 27 19:56:49 Kuntputer kernel: [    1.448588] FS-Cache: Duplicate cookie detected
Jul 27 19:56:49 Kuntputer kernel: [    1.448778] FS-Cache: O-cookie c=00000004 [p=00000002 fl=222 nc=0 na=1]
Jul 27 19:56:49 Kuntputer kernel: [    1.448944] FS-Cache: O-cookie d=000000009718b0fe{9P.session} n=00000000ef18ea24
Jul 27 19:56:49 Kuntputer kernel: [    1.449136] FS-Cache: O-key=[10] '34323934393337343336'
Jul 27 19:56:49 Kuntputer kernel: [    1.449529] FS-Cache: N-cookie c=00000005 [p=00000002 fl=2 nc=0 na=1]
Jul 27 19:56:49 Kuntputer kernel: [    1.449717] FS-Cache: N-cookie d=000000009718b0fe{9P.session} n=00000000d3620556
Jul 27 19:56:49 Kuntputer kernel: [    1.449920] FS-Cache: N-key=[10] '34323934393337343336'
Jul 27 19:56:49 Kuntputer kernel: [    1.450679] FS-Cache: Duplicate cookie detected
Jul 27 19:56:49 Kuntputer kernel: [    1.450866] FS-Cache: O-cookie c=00000004 [p=00000002 fl=222 nc=0 na=1]
Jul 27 19:56:49 Kuntputer kernel: [    1.451037] FS-Cache: O-cookie d=000000009718b0fe{9P.session} n=00000000ef18ea24
Jul 27 19:56:49 Kuntputer kernel: [    1.451236] FS-Cache: O-key=[10] '34323934393337343336'
Jul 27 19:56:49 Kuntputer kernel: [    1.451369] FS-Cache: N-cookie c=00000006 [p=00000002 fl=2 nc=0 na=1]
Jul 27 19:56:49 Kuntputer kernel: [    1.451537] FS-Cache: N-cookie d=000000009718b0fe{9P.session} n=0000000088978ecf
Jul 27 19:56:49 Kuntputer kernel: [    1.451755] FS-Cache: N-key=[10] '34323934393337343336'
Jul 27 19:56:49 Kuntputer kernel: [    1.528968] scsi 0:0:0:2: Direct-Access     Msft     Virtual Disk     1.0  PQ: 0 ANSI: 5
Jul 27 19:56:49 Kuntputer kernel: [    1.539588] sd 0:0:0:2: Attached scsi generic sg2 type 0
Jul 27 19:56:49 Kuntputer kernel: [    1.539927] sd 0:0:0:2: [sdc] 2147483648 512-byte logical blocks: (1.10 TB/1.00 TiB)
Jul 27 19:56:49 Kuntputer kernel: [    1.540203] sd 0:0:0:2: [sdc] 4096-byte physical blocks
Jul 27 19:56:49 Kuntputer kernel: [    1.540409] sd 0:0:0:2: [sdc] Write Protect is off
Jul 27 19:56:49 Kuntputer kernel: [    1.540571] sd 0:0:0:2: [sdc] Mode Sense: 0f 00 00 00
Jul 27 19:56:49 Kuntputer kernel: [    1.540820] sd 0:0:0:2: [sdc] Write cache: enabled, read cache: enabled, doesn't support DPO or FUA
Jul 27 19:56:49 Kuntputer kernel: [    1.542088] sd 0:0:0:2: [sdc] Attached SCSI disk
Jul 27 19:56:49 Kuntputer kernel: [    1.695792] EXT4-fs (sdc): mounted filesystem with ordered data mode. Opts: discard,errors=remount-ro,data=ordered. Quota mode: none.
Jul 27 19:56:49 Kuntputer kernel: [    1.865545] scsi 0:0:0:3: Direct-Access     Msft     Virtual Disk     1.0  PQ: 0 ANSI: 5
Jul 27 19:56:49 Kuntputer kernel: [    1.876690] sd 0:0:0:3: Attached scsi generic sg3 type 0
Jul 27 19:56:49 Kuntputer kernel: [    1.877157] sd 0:0:0:3: [sdd] 2147483648 512-byte logical blocks: (1.10 TB/1.00 TiB)
Jul 27 19:56:49 Kuntputer kernel: [    1.877683] sd 0:0:0:3: [sdd] 4096-byte physical blocks
Jul 27 19:56:49 Kuntputer kernel: [    1.877904] sd 0:0:0:3: [sdd] Write Protect is off
Jul 27 19:56:49 Kuntputer kernel: [    1.878072] sd 0:0:0:3: [sdd] Mode Sense: 0f 00 00 00
Jul 27 19:56:49 Kuntputer kernel: [    1.878300] sd 0:0:0:3: [sdd] Write cache: enabled, read cache: enabled, doesn't support DPO or FUA
Jul 27 19:56:49 Kuntputer kernel: [    1.879601] sd 0:0:0:3: [sdd] Attached SCSI disk
Jul 27 19:56:49 Kuntputer kernel: [    1.892517] EXT4-fs (sdc): mounted filesystem with ordered data mode. Opts: discard,errors=remount-ro,data=ordered. Quota mode: none.
Jul 27 19:56:49 Kuntputer kernel: [    2.185814] FS-Cache: Duplicate cookie detected
Jul 27 19:56:49 Kuntputer kernel: [    2.186376] FS-Cache: O-cookie c=00000008 [p=00000002 fl=222 nc=0 na=1]
Jul 27 19:56:49 Kuntputer kernel: [    2.186746] FS-Cache: O-cookie d=000000009718b0fe{9P.session} n=0000000050a646a5
Jul 27 19:56:49 Kuntputer kernel: [    2.187113] FS-Cache: O-key=[10] '34323934393337353130'
Jul 27 19:56:49 Kuntputer kernel: [    2.187384] FS-Cache: N-cookie c=00000009 [p=00000002 fl=2 nc=0 na=1]
Jul 27 19:56:49 Kuntputer kernel: [    2.187648] FS-Cache: N-cookie d=000000009718b0fe{9P.session} n=00000000d7fee887
Jul 27 19:56:49 Kuntputer kernel: [    2.188152] FS-Cache: N-key=[10] '34323934393337353130'
Jul 27 19:56:49 Kuntputer kernel: [    2.266333] FS-Cache: Duplicate cookie detected
Jul 27 19:56:49 Kuntputer kernel: [    2.266523] FS-Cache: O-cookie c=0000000e [p=00000002 fl=222 nc=0 na=1]
Jul 27 19:56:49 Kuntputer kernel: [    2.266699] FS-Cache: O-cookie d=000000009718b0fe{9P.session} n=00000000390f5d30
Jul 27 19:56:49 Kuntputer kernel: [    2.266899] FS-Cache: O-key=[10] '34323934393337353138'
Jul 27 19:56:49 Kuntputer kernel: [    2.267044] FS-Cache: N-cookie c=0000000f [p=00000002 fl=2 nc=0 na=1]
Jul 27 19:56:49 Kuntputer kernel: [    2.267227] FS-Cache: N-cookie d=000000009718b0fe{9P.session} n=000000006a94f975
Jul 27 19:56:49 Kuntputer kernel: [    2.267423] FS-Cache: N-key=[10] '34323934393337353138'
Jul 27 19:56:49 Kuntputer kernel: [    2.283923] misc dxg: dxgk: dxgkio_is_feature_enabled: Ioctl failed: -22
Jul 27 19:56:49 Kuntputer kernel: [    2.291693] misc dxg: dxgk: dxgkio_query_adapter_info: Ioctl failed: -22
Jul 27 19:56:49 Kuntputer kernel: [    2.292008] misc dxg: dxgk: dxgkio_query_adapter_info: Ioctl failed: -22
Jul 27 19:56:49 Kuntputer kernel: [    2.292232] misc dxg: dxgk: dxgkio_query_adapter_info: Ioctl failed: -22
Jul 27 19:56:49 Kuntputer kernel: [    2.292519] misc dxg: dxgk: dxgkio_query_adapter_info: Ioctl failed: -2
Jul 27 19:56:49 Kuntputer kernel: [    2.392760] hv_storvsc fd1d2cbd-ce7c-535c-966b-eb5f811c95f0: tag#767 cmd 0x2a status: scsi 0x0 srb 0x4 hv 0xc00000a1
Jul 27 19:56:49 Kuntputer kernel: [    2.415904] hv_storvsc fd1d2cbd-ce7c-535c-966b-eb5f811c95f0: tag#1151 cmd 0x2a status: scsi 0x0 srb 0x4 hv 0xc00000a1
Jul 27 19:56:49 Kuntputer kernel: [    2.632164] EXT4-fs (sdd): mounted filesystem with ordered data mode. Opts: (null). Quota mode: none.
Jul 27 19:56:49 Kuntputer kernel: [    3.577658] misc dxg: dxgk: dxgkio_query_adapter_info: Ioctl failed: -2
Jul 27 19:56:49 Kuntputer kernel: [    3.917620] misc dxg: dxgk: dxgkio_query_adapter_info: Ioctl failed: -2
Jul 27 19:56:49 Kuntputer kernel: [    3.917898] misc dxg: dxgk: dxgkio_query_adapter_info: Ioctl failed: -2
Jul 27 19:56:49 Kuntputer kernel: [    3.918294] misc dxg: dxgk: dxgkio_query_adapter_info: Ioctl failed: -2
Jul 27 19:56:49 Kuntputer kernel: [    3.918509] misc dxg: dxgk: dxgkio_query_adapter_info: Ioctl failed: -2
Jul 27 19:56:49 Kuntputer kernel: [    3.918730] misc dxg: dxgk: dxgkio_query_adapter_info: Ioctl failed: -2
Jul 27 19:56:49 Kuntputer kernel: [    3.918980] misc dxg: dxgk: dxgkio_query_adapter_info: Ioctl failed: -2
Jul 27 19:56:49 Kuntputer kernel: [    3.919195] misc dxg: dxgk: dxgkio_query_adapter_info: Ioctl failed: -2
Jul 27 19:56:49 Kuntputer kernel: [    3.919410] misc dxg: dxgk: dxgkio_query_adapter_info: Ioctl failed: -2
Jul 27 19:56:49 Kuntputer kernel: [    3.919629] misc dxg: dxgk: dxgkio_query_adapter_info: Ioctl failed: -2
Jul 27 19:56:49 Kuntputer kernel: [    3.919835] misc dxg: dxgk: dxgkio_query_adapter_info: Ioctl failed: -2
Jul 27 19:56:49 Kuntputer kernel: [    3.920049] misc dxg: dxgk: dxgkio_query_adapter_info: Ioctl failed: -2
Jul 27 19:56:49 Kuntputer kernel: [    3.920248] misc dxg: dxgk: dxgkio_query_adapter_info: Ioctl failed: -2
Jul 27 19:56:49 Kuntputer kernel: [    3.920446] misc dxg: dxgk: dxgkio_query_adapter_info: Ioctl failed: -2
Jul 27 19:56:49 Kuntputer kernel: [    3.920737] misc dxg: dxgk: dxgkio_query_adapter_info: Ioctl failed: -2
Jul 27 19:56:49 Kuntputer kernel: [    4.022116] misc dxg: dxgk: dxgkio_query_adapter_info: Ioctl failed: -2
Jul 27 19:56:49 Kuntputer kernel: [    5.889493] loop0: detected capacity change from 0 to 874296
Jul 27 19:56:49 Kuntputer kernel: [    5.891361] ISO 9660 Extensions: Microsoft Joliet Level 3
Jul 27 19:56:49 Kuntputer kernel: [    5.891594] ISO 9660 Extensions: RRIP_1991A
Jul 27 19:56:49 Kuntputer kernel: [    9.906428] loop1: detected capacity change from 0 to 1187264
Jul 27 19:56:49 Kuntputer kernel: [    9.908269] ISO 9660 Extensions: RRIP_1991A
Jul 27 19:56:49 Kuntputer kernel: [    9.947079] netlink: 'init': attribute type 4 has an invalid length.
Jul 27 19:56:49 Kuntputer kernel: [   10.032555] IPv6: ADDRCONF(NETDEV_CHANGE): services1: link becomes ready
Jul 27 19:56:49 Kuntputer kernel: [   10.109617] capability: warning: `lifecycle-serve' uses 32-bit capabilities (legacy support in use)
Jul 27 19:56:49 Kuntputer kernel: [   11.011792] IPv6: ADDRCONF(NETDEV_CHANGE): services0: link becomes ready
Jul 27 19:56:49 Kuntputer kernel: [   49.118917] hv_balloon: Max. dynamic memory size: 16290 MB
Jul 27 19:56:49 Kuntputer kernel: [  353.509277] docker0: port 1(veth16de17f) entered blocking state
Jul 27 19:56:49 Kuntputer kernel: [  353.509699] docker0: port 1(veth16de17f) entered disabled state
Jul 27 19:56:49 Kuntputer kernel: [  353.510026] device veth16de17f entered promiscuous mode
Jul 27 19:56:49 Kuntputer kernel: [  353.703914] eth0: renamed from veth64b8c8f
Jul 27 19:56:49 Kuntputer kernel: [  353.763995] IPv6: ADDRCONF(NETDEV_CHANGE): veth16de17f: link becomes ready
Jul 27 19:56:49 Kuntputer kernel: [  353.764286] docker0: port 1(veth16de17f) entered blocking state
Jul 27 19:56:49 Kuntputer kernel: [  353.764449] docker0: port 1(veth16de17f) entered forwarding state
Jul 27 19:56:49 Kuntputer kernel: [  353.764693] IPv6: ADDRCONF(NETDEV_CHANGE): docker0: link becomes ready
Jul 27 19:56:49 Kuntputer kernel: [  600.484703] mini_init (300): drop_caches: 1
Jul 27 19:56:49 Kuntputer kernel: [ 4782.540950] hv_utils: TimeSync IC version 4.0
Jul 27 19:56:49 Kuntputer kernel: [ 6162.268734] scsi 0:0:0:4: Direct-Access     Msft     Virtual Disk     1.0  PQ: 0 ANSI: 5
Jul 27 19:56:49 Kuntputer kernel: [ 6162.278500] sd 0:0:0:4: Attached scsi generic sg4 type 0
Jul 27 19:56:49 Kuntputer kernel: [ 6162.278857] sd 0:0:0:4: [sde] 2147483648 512-byte logical blocks: (1.10 TB/1.00 TiB)
Jul 27 19:56:49 Kuntputer kernel: [ 6162.279088] sd 0:0:0:4: [sde] 4096-byte physical blocks
Jul 27 19:56:49 Kuntputer kernel: [ 6162.279254] sd 0:0:0:4: [sde] Write Protect is off
Jul 27 19:56:49 Kuntputer kernel: [ 6162.279389] sd 0:0:0:4: [sde] Mode Sense: 0f 00 00 00
Jul 27 19:56:49 Kuntputer kernel: [ 6162.279589] sd 0:0:0:4: [sde] Write cache: enabled, read cache: enabled, doesn't support DPO or FUA
Jul 27 19:56:49 Kuntputer kernel: [ 6162.280709] sd 0:0:0:4: [sde] Attached SCSI disk
Jul 27 19:56:49 Kuntputer kernel: [ 6162.415538] EXT4-fs (sde): mounted filesystem with ordered data mode. Opts: discard,errors=remount-ro,data=ordered. Quota mode: none.
Jul 27 19:56:49 Kuntputer kernel: [ 6165.865443] EXT4-fs (sde): mounted filesystem with ordered data mode. Opts: discard,errors=remount-ro,data=ordered. Quota mode: none.
Jul 27 19:56:49 Kuntputer kernel: [ 6166.000509] FS-Cache: Duplicate cookie detected
Jul 27 19:56:49 Kuntputer kernel: [ 6166.000859] FS-Cache: O-cookie c=0000002f [p=00000002 fl=222 nc=0 na=1]
Jul 27 19:56:49 Kuntputer kernel: [ 6166.001042] FS-Cache: O-cookie d=000000009718b0fe{9P.session} n=00000000899cdad0
Jul 27 19:56:49 Kuntputer kernel: [ 6166.001271] FS-Cache: O-key=[10] '34323935353533393138'
Jul 27 19:56:49 Kuntputer kernel: [ 6166.001421] FS-Cache: N-cookie c=00000030 [p=00000002 fl=2 nc=0 na=1]
Jul 27 19:56:49 Kuntputer kernel: [ 6166.001986] FS-Cache: N-cookie d=000000009718b0fe{9P.session} n=00000000ea0569df
Jul 27 19:56:49 Kuntputer kernel: [ 6166.002298] FS-Cache: N-key=[10] '34323935353533393138'
Jul 27 19:56:49 Kuntputer kernel: [ 6166.060860] misc dxg: dxgk: dxgkio_is_feature_enabled: Ioctl failed: -22
Jul 27 19:56:49 Kuntputer kernel: [ 6166.066418] misc dxg: dxgk: dxgkio_query_adapter_info: Ioctl failed: -22
Jul 27 19:56:49 Kuntputer kernel: [ 6166.066713] misc dxg: dxgk: dxgkio_query_adapter_info: Ioctl failed: -22
Jul 27 19:56:49 Kuntputer kernel: [ 6166.066981] misc dxg: dxgk: dxgkio_query_adapter_info: Ioctl failed: -22
Jul 27 19:56:49 Kuntputer kernel: [ 6166.067256] misc dxg: dxgk: dxgkio_query_adapter_info: Ioctl failed: -2
Jul 27 19:56:49 Kuntputer kernel: [ 6166.115473] FS-Cache: Duplicate cookie detected
Jul 27 19:56:49 Kuntputer kernel: [ 6166.115691] FS-Cache: O-cookie c=00000035 [p=00000002 fl=222 nc=0 na=1]
Jul 27 19:56:49 Kuntputer kernel: [ 6166.115881] FS-Cache: O-cookie d=000000009718b0fe{9P.session} n=00000000383d368e
Jul 27 19:56:49 Kuntputer kernel: [ 6166.116103] FS-Cache: O-key=[10] '34323935353533393239'
Jul 27 19:56:49 Kuntputer kernel: [ 6166.116245] FS-Cache: N-cookie c=00000036 [p=00000002 fl=2 nc=0 na=1]
Jul 27 19:56:49 Kuntputer kernel: [ 6166.116411] FS-Cache: N-cookie d=000000009718b0fe{9P.session} n=000000008cafed15
Jul 27 19:56:49 Kuntputer kernel: [ 6166.116620] FS-Cache: N-key=[10] '34323935353533393239'
Jul 27 19:56:49 Kuntputer kernel: [ 6166.201344] misc dxg: dxgk: dxgkio_query_adapter_info: Ioctl failed: -2
Jul 27 19:56:49 Kuntputer kernel: [ 6166.258825] misc dxg: dxgk: dxgkio_query_adapter_info: Ioctl failed: -2
Jul 27 19:56:49 Kuntputer kernel: [ 6166.259142] misc dxg: dxgk: dxgkio_query_adapter_info: Ioctl failed: -2
Jul 27 19:56:49 Kuntputer kernel: [ 6166.259362] misc dxg: dxgk: dxgkio_query_adapter_info: Ioctl failed: -2
Jul 27 19:56:49 Kuntputer kernel: [ 6166.259556] misc dxg: dxgk: dxgkio_query_adapter_info: Ioctl failed: -2
Jul 27 19:56:49 Kuntputer kernel: [ 6166.259743] misc dxg: dxgk: dxgkio_query_adapter_info: Ioctl failed: -2
Jul 27 19:56:49 Kuntputer kernel: [ 6166.259947] misc dxg: dxgk: dxgkio_query_adapter_info: Ioctl failed: -2
Jul 27 19:56:49 Kuntputer kernel: [ 6166.260133] misc dxg: dxgk: dxgkio_query_adapter_info: Ioctl failed: -2
Jul 27 19:56:49 Kuntputer kernel: [ 6166.260320] misc dxg: dxgk: dxgkio_query_adapter_info: Ioctl failed: -2
Jul 27 19:56:49 Kuntputer kernel: [ 6166.260508] misc dxg: dxgk: dxgkio_query_adapter_info: Ioctl failed: -2
Jul 27 19:56:49 Kuntputer kernel: [ 6166.260695] misc dxg: dxgk: dxgkio_query_adapter_info: Ioctl failed: -2
Jul 27 19:56:49 Kuntputer kernel: [ 6166.260891] misc dxg: dxgk: dxgkio_query_adapter_info: Ioctl failed: -2
Jul 27 19:56:49 Kuntputer kernel: [ 6166.261137] misc dxg: dxgk: dxgkio_query_adapter_info: Ioctl failed: -2
Jul 27 19:56:49 Kuntputer kernel: [ 6166.261338] misc dxg: dxgk: dxgkio_query_adapter_info: Ioctl failed: -2
Jul 27 19:56:49 Kuntputer kernel: [ 6166.261550] misc dxg: dxgk: dxgkio_query_adapter_info: Ioctl failed: -2
Jul 27 19:56:49 Kuntputer kernel: [ 6166.279654] misc dxg: dxgk: dxgkio_query_adapter_info: Ioctl failed: -2
Jul 27 19:56:49 Kuntputer kernel: [ 6221.214541] EXT4-fs (sde): mounted filesystem with ordered data mode. Opts: discard,errors=remount-ro,data=ordered. Quota mode: none.
Jul 27 19:56:49 Kuntputer kernel: [ 6221.259552] FS-Cache: Duplicate cookie detected
Jul 27 19:56:49 Kuntputer kernel: [ 6221.259752] FS-Cache: O-cookie c=00000037 [p=00000002 fl=222 nc=0 na=1]
Jul 27 19:56:49 Kuntputer kernel: [ 6221.259929] FS-Cache: O-cookie d=000000009718b0fe{9P.session} n=000000003f57fa83
Jul 27 19:56:49 Kuntputer kernel: [ 6221.260140] FS-Cache: O-key=[10] '34323935353539343434'
Jul 27 19:56:49 Kuntputer kernel: [ 6221.260264] FS-Cache: N-cookie c=00000038 [p=00000002 fl=2 nc=0 na=1]
Jul 27 19:56:49 Kuntputer kernel: [ 6221.260433] FS-Cache: N-cookie d=000000009718b0fe{9P.session} n=00000000116f3e1c
Jul 27 19:56:49 Kuntputer kernel: [ 6221.260637] FS-Cache: N-key=[10] '34323935353539343434'
Jul 27 19:56:49 Kuntputer kernel: [ 6221.301730] misc dxg: dxgk: dxgkio_is_feature_enabled: Ioctl failed: -22
Jul 27 19:56:49 Kuntputer kernel: [ 6221.307030] FS-Cache: Duplicate cookie detected
Jul 27 19:56:49 Kuntputer kernel: [ 6221.307319] FS-Cache: O-cookie c=0000003d [p=00000002 fl=222 nc=0 na=1]
Jul 27 19:56:49 Kuntputer kernel: [ 6221.307493] FS-Cache: O-cookie d=000000009718b0fe{9P.session} n=00000000d29c21e5
Jul 27 19:56:49 Kuntputer kernel: [ 6221.307827] FS-Cache: O-key=[10] '34323935353539343439'
Jul 27 19:56:49 Kuntputer kernel: [ 6221.308002] FS-Cache: N-cookie c=0000003e [p=00000002 fl=2 nc=0 na=1]
Jul 27 19:56:49 Kuntputer kernel: [ 6221.308173] FS-Cache: N-cookie d=000000009718b0fe{9P.session} n=00000000c7b674c7
Jul 27 19:56:49 Kuntputer kernel: [ 6221.308378] FS-Cache: N-key=[10] '34323935353539343439'
Jul 27 19:56:49 Kuntputer kernel: [ 6221.308686] misc dxg: dxgk: dxgkio_query_adapter_info: Ioctl failed: -22
Jul 27 19:56:49 Kuntputer kernel: [ 6221.308934] misc dxg: dxgk: dxgkio_query_adapter_info: Ioctl failed: -22
Jul 27 19:56:49 Kuntputer kernel: [ 6221.309314] misc dxg: dxgk: dxgkio_query_adapter_info: Ioctl failed: -22
Jul 27 19:56:49 Kuntputer kernel: [ 6221.309587] misc dxg: dxgk: dxgkio_query_adapter_info: Ioctl failed: -2
Jul 27 19:56:49 Kuntputer kernel: [ 6221.313863] misc dxg: dxgk: dxgkio_query_adapter_info: Ioctl failed: -2
Jul 27 19:56:49 Kuntputer kernel: [ 6221.330610] new mount options do not match the existing superblock, will be ignored
Jul 27 19:56:49 Kuntputer kernel: [ 6221.363777] misc dxg: dxgk: dxgkio_query_adapter_info: Ioctl failed: -2
Jul 27 19:56:49 Kuntputer kernel: [ 6221.364209] misc dxg: dxgk: dxgkio_query_adapter_info: Ioctl failed: -2
Jul 27 19:56:49 Kuntputer kernel: [ 6221.364579] misc dxg: dxgk: dxgkio_query_adapter_info: Ioctl failed: -2
Jul 27 19:56:49 Kuntputer kernel: [ 6221.364827] misc dxg: dxgk: dxgkio_query_adapter_info: Ioctl failed: -2
Jul 27 19:56:49 Kuntputer kernel: [ 6221.365051] misc dxg: dxgk: dxgkio_query_adapter_info: Ioctl failed: -2
Jul 27 19:56:49 Kuntputer kernel: [ 6221.365418] misc dxg: dxgk: dxgkio_query_adapter_info: Ioctl failed: -2
Jul 27 19:56:49 Kuntputer kernel: [ 6221.365659] misc dxg: dxgk: dxgkio_query_adapter_info: Ioctl failed: -2
Jul 27 19:56:49 Kuntputer kernel: [ 6221.365890] misc dxg: dxgk: dxgkio_query_adapter_info: Ioctl failed: -2
Jul 27 19:56:49 Kuntputer kernel: [ 6221.366318] misc dxg: dxgk: dxgkio_query_adapter_info: Ioctl failed: -2
Jul 27 19:56:49 Kuntputer kernel: [ 6221.366557] misc dxg: dxgk: dxgkio_query_adapter_info: Ioctl failed: -2
Jul 27 19:56:49 Kuntputer kernel: [ 6221.366754] misc dxg: dxgk: dxgkio_query_adapter_info: Ioctl failed: -2
Jul 27 19:56:49 Kuntputer kernel: [ 6221.366958] misc dxg: dxgk: dxgkio_query_adapter_info: Ioctl failed: -2
Jul 27 19:56:49 Kuntputer kernel: [ 6221.367175] misc dxg: dxgk: dxgkio_query_adapter_info: Ioctl failed: -2
Jul 27 19:56:49 Kuntputer kernel: [ 6221.367381] misc dxg: dxgk: dxgkio_query_adapter_info: Ioctl failed: -2
Jul 27 19:56:49 Kuntputer kernel: [ 6221.382862] misc dxg: dxgk: dxgkio_query_adapter_info: Ioctl failed: -2
Jul 27 19:57:11 Kuntputer kernel: [ 6243.632800] FS-Cache: Duplicate cookie detected
Jul 27 19:57:11 Kuntputer kernel: [ 6243.633301] FS-Cache: O-cookie c=00000040 [p=00000002 fl=222 nc=0 na=1]
Jul 27 19:57:11 Kuntputer kernel: [ 6243.633825] FS-Cache: O-cookie d=000000009718b0fe{9P.session} n=00000000a71e34de
Jul 27 19:57:11 Kuntputer kernel: [ 6243.634373] FS-Cache: O-key=[10] '34323935353631363831'
Jul 27 19:57:11 Kuntputer kernel: [ 6243.634749] FS-Cache: N-cookie c=00000041 [p=00000002 fl=2 nc=0 na=1]
Jul 27 19:57:11 Kuntputer kernel: [ 6243.635203] FS-Cache: N-cookie d=000000009718b0fe{9P.session} n=0000000007398313
Jul 27 19:57:11 Kuntputer kernel: [ 6243.635730] FS-Cache: N-key=[10] '34323935353631363831'
Jul 27 19:57:11 Kuntputer kernel: [ 6243.670842] FS-Cache: Duplicate cookie detected
Jul 27 19:57:11 Kuntputer kernel: [ 6243.671184] FS-Cache: O-cookie c=00000044 [p=00000002 fl=222 nc=0 na=1]
Jul 27 19:57:11 Kuntputer kernel: [ 6243.671480] FS-Cache: O-cookie d=000000009718b0fe{9P.session} n=00000000ef8dbbb8
Jul 27 19:57:11 Kuntputer kernel: [ 6243.671817] FS-Cache: O-key=[10] '34323935353631363835'
Jul 27 19:57:11 Kuntputer kernel: [ 6243.672045] FS-Cache: N-cookie c=00000045 [p=00000002 fl=2 nc=0 na=1]
Jul 27 19:57:11 Kuntputer kernel: [ 6243.672327] FS-Cache: N-cookie d=000000009718b0fe{9P.session} n=00000000614a182c
Jul 27 19:57:11 Kuntputer kernel: [ 6243.672735] FS-Cache: N-key=[10] '34323935353631363835'
Jul 27 19:57:11 Kuntputer kernel: [ 6243.679049] new mount options do not match the existing superblock, will be ignored
Jul 27 19:57:11 Kuntputer kernel: [ 6243.708034] misc dxg: dxgk: dxgkio_is_feature_enabled: Ioctl failed: -22
Jul 27 19:57:11 Kuntputer kernel: [ 6243.713641] misc dxg: dxgk: dxgkio_query_adapter_info: Ioctl failed: -22
Jul 27 19:57:11 Kuntputer kernel: [ 6243.713893] misc dxg: dxgk: dxgkio_query_adapter_info: Ioctl failed: -22
Jul 27 19:57:11 Kuntputer kernel: [ 6243.714090] misc dxg: dxgk: dxgkio_query_adapter_info: Ioctl failed: -22
Jul 27 19:57:11 Kuntputer kernel: [ 6243.714345] misc dxg: dxgk: dxgkio_query_adapter_info: Ioctl failed: -2
Jul 27 19:57:11 Kuntputer kernel: [ 6243.718497] misc dxg: dxgk: dxgkio_query_adapter_info: Ioctl failed: -2
Jul 27 19:57:11 Kuntputer kernel: [ 6243.773978] misc dxg: dxgk: dxgkio_query_adapter_info: Ioctl failed: -2
Jul 27 19:57:11 Kuntputer kernel: [ 6243.774651] misc dxg: dxgk: dxgkio_query_adapter_info: Ioctl failed: -2
Jul 27 19:57:11 Kuntputer kernel: [ 6243.775079] misc dxg: dxgk: dxgkio_query_adapter_info: Ioctl failed: -2
Jul 27 19:57:11 Kuntputer kernel: [ 6243.775497] misc dxg: dxgk: dxgkio_query_adapter_info: Ioctl failed: -2
Jul 27 19:57:11 Kuntputer kernel: [ 6243.775997] misc dxg: dxgk: dxgkio_query_adapter_info: Ioctl failed: -2
Jul 27 19:57:11 Kuntputer kernel: [ 6243.776705] misc dxg: dxgk: dxgkio_query_adapter_info: Ioctl failed: -2
Jul 27 19:57:11 Kuntputer kernel: [ 6243.777104] misc dxg: dxgk: dxgkio_query_adapter_info: Ioctl failed: -2
Jul 27 19:57:11 Kuntputer kernel: [ 6243.777478] misc dxg: dxgk: dxgkio_query_adapter_info: Ioctl failed: -2
Jul 27 19:57:11 Kuntputer kernel: [ 6243.777924] misc dxg: dxgk: dxgkio_query_adapter_info: Ioctl failed: -2
Jul 27 19:57:11 Kuntputer kernel: [ 6243.778319] misc dxg: dxgk: dxgkio_query_adapter_info: Ioctl failed: -2
Jul 27 19:57:11 Kuntputer kernel: [ 6243.778918] misc dxg: dxgk: dxgkio_query_adapter_info: Ioctl failed: -2
Jul 27 19:57:11 Kuntputer kernel: [ 6243.779381] misc dxg: dxgk: dxgkio_query_adapter_info: Ioctl failed: -2
Jul 27 19:57:11 Kuntputer kernel: [ 6243.779844] misc dxg: dxgk: dxgkio_query_adapter_info: Ioctl failed: -2
Jul 27 19:57:11 Kuntputer kernel: [ 6243.780300] misc dxg: dxgk: dxgkio_query_adapter_info: Ioctl failed: -2
Jul 27 19:57:11 Kuntputer kernel: [ 6243.799663] misc dxg: dxgk: dxgkio_query_adapter_info: Ioctl failed: -2
Jul 27 19:58:08 Kuntputer kernel: [ 6300.477858] mini_init (300): drop_caches: 1
Jul 27 20:49:02 Kuntputer kernel: [ 9355.150359] veth64b8c8f: renamed from eth0
Jul 27 20:49:03 Kuntputer kernel: [ 9355.264561] docker0: port 1(veth16de17f) entered disabled state
Jul 27 20:49:03 Kuntputer kernel: [ 9355.273335] docker0: port 1(veth16de17f) entered disabled state
Jul 27 20:49:03 Kuntputer kernel: [ 9355.273746] device veth16de17f left promiscuous mode
Jul 27 20:49:03 Kuntputer kernel: [ 9355.273759] docker0: port 1(veth16de17f) entered disabled state
Jul 28 00:01:59 Kuntputer kernel: [12667.022336] hv_utils: TimeSync IC version 4.0
Jul 28 00:05:52 Kuntputer kernel: [12900.521433] mini_init (300): drop_caches: 1
Jul 28 00:21:52 Kuntputer kernel: [13860.545473] mini_init (300): drop_caches: 1
Jul 28 01:47:23 Kuntputer kernel: [18990.955416] hv_utils: TimeSync IC version 4.0
Jul 28 19:28:59 Kuntputer kernel: [24028.921454] hv_utils: TimeSync IC version 4.0
